EN sum1g NULL C:/Users/GabrielaD/Desktop/automatica/labCSO/lab3/as4/sum1g.vhf sub00/vhpl02 1520076110
AR sum1g behavioral C:/Users/GabrielaD/Desktop/automatica/labCSO/lab3/as4/sum1g.vhf sub00/vhpl03 1520076111
EN sum4 NULL C:/Users/GabrielaD/Desktop/automatica/labCSO/lab3/as4/sum4.vhf sub00/vhpl00 1520076112
AR sum4 behavioral C:/Users/GabrielaD/Desktop/automatica/labCSO/lab3/as4/sum4.vhf sub00/vhpl01 1520076113
