AR root behavioral C:/Users/GabrielaD/Desktop/automatica/labCSO/lab5/AddSum4V/root.vhf sub00/vhpl03 1521564902
EN as4v NULL C:/Users/GabrielaD/Desktop/automatica/labCSO/lab5/temaLab5/AddSum4V/as4v.vhd sub00/vhpl00 1521565267
EN root NULL C:/Users/GabrielaD/Desktop/automatica/labCSO/lab5/AddSum4V/root.vhf sub00/vhpl02 1521564901
AR as4v behavioral C:/Users/GabrielaD/Desktop/automatica/labCSO/lab5/temaLab5/AddSum4V/as4v.vhd sub00/vhpl01 1521565268
