AR mux2v32 behavioral C:/Users/GabrielaD/Desktop/automatica/labCSO/lab7/mips/MUX2V32.vhd sub00/vhpl15 1523199189
AR rom32x32 behavioral C:/Users/GabrielaD/Desktop/automatica/labCSO/lab7/mips/ROM32x32.vhd sub00/vhpl05 1523199199
AR file_regs behavioral C:/Users/GabrielaD/Desktop/automatica/labCSO/lab7/mips/File_Regs.vhd sub00/vhpl11 1523199197
AR alu behavioral C:/Users/GabrielaD/Desktop/automatica/labCSO/lab7/mips/ALU.vhd sub00/vhpl13 1523199183
EN datamem NULL C:/Users/GabrielaD/Desktop/automatica/labCSO/lab7/mips/DataMem.vhd sub00/vhpl18 1523199186
EN file_regs NULL C:/Users/GabrielaD/Desktop/automatica/labCSO/lab7/mips/File_Regs.vhd sub00/vhpl10 1523199196
EN mux2v5 NULL C:/Users/GabrielaD/Desktop/automatica/labCSO/lab7/mips/MUX2V5.vhd sub00/vhpl06 1523199190
EN rom32x32 NULL C:/Users/GabrielaD/Desktop/automatica/labCSO/lab7/mips/ROM32x32.vhd sub00/vhpl04 1523199198
EN pc_update NULL C:/Users/GabrielaD/Desktop/automatica/labCSO/lab7/mips/PC_Update.vhd sub00/vhpl02 1523199192
AR ctrl behavioral C:/Users/GabrielaD/Desktop/automatica/labCSO/lab7/mips/ctrl.vhd sub00/vhpl17 1523199185
AR mips behavioral C:/Users/user/Desktop/lab8/mips/mips.vhf sub00/vhpl09 1524115886
EN progcnt NULL C:/Users/GabrielaD/Desktop/automatica/labCSO/lab7/mips/ProgCnt.vhd sub00/vhpl00 1523199194
EN ctrl NULL C:/Users/GabrielaD/Desktop/automatica/labCSO/lab7/mips/ctrl.vhd sub00/vhpl16 1523199184
EN mips NULL C:/Users/user/Desktop/lab8/mips/mips.vhf sub00/vhpl08 1524115885
AR progcnt behavioral C:/Users/GabrielaD/Desktop/automatica/labCSO/lab7/mips/ProgCnt.vhd sub00/vhpl01 1523199195
EN mux2v32 NULL C:/Users/GabrielaD/Desktop/automatica/labCSO/lab7/mips/MUX2V32.vhd sub00/vhpl14 1523199188
AR datamem behavioral C:/Users/GabrielaD/Desktop/automatica/labCSO/lab7/mips/DataMem.vhd sub00/vhpl19 1523199187
AR mux2v5 behavioral C:/Users/GabrielaD/Desktop/automatica/labCSO/lab7/mips/MUX2V5.vhd sub00/vhpl07 1523199191
AR pc_update behavioral C:/Users/GabrielaD/Desktop/automatica/labCSO/lab7/mips/PC_Update.vhd sub00/vhpl03 1523199193
EN alu NULL C:/Users/GabrielaD/Desktop/automatica/labCSO/lab7/mips/ALU.vhd sub00/vhpl12 1523199182
