V3 13
FL C:/Users/GabrielaD/Desktop/automatica/labCSO/lab3/as4/sum1g.vhf 2018/03/03.13:16:40 J.40
EN work/sum1g 1520076110 \
      FL C:/Users/GabrielaD/Desktop/automatica/labCSO/lab3/as4/sum1g.vhf \
      PB ieee/std_logic_1164 1192821031 PH ieee/NUMERIC_STD 1192821033 LB UNISIM \
      PH unisim/VCOMPONENTS 1194566982
AR work/sum1g/BEHAVIORAL 1520076111 \
      FL C:/Users/GabrielaD/Desktop/automatica/labCSO/lab3/as4/sum1g.vhf \
      EN work/sum1g 1520076110 CP XOR3 CP AND2 CP OR3
FL C:/Users/GabrielaD/Desktop/automatica/labCSO/lab3/as4/sum4.vhd 2018/03/03.13:18:57 J.40
FL C:/Users/GabrielaD/Desktop/automatica/labCSO/lab3/as4/sum4.vhf 2018/03/03.13:21:45 J.40
EN work/sum4 1520076112 \
      FL C:/Users/GabrielaD/Desktop/automatica/labCSO/lab3/as4/sum4.vhf \
      PB ieee/std_logic_1164 1192821031 PH ieee/NUMERIC_STD 1192821033 LB UNISIM \
      PH unisim/VCOMPONENTS 1194566982
AR work/sum4/BEHAVIORAL 1520076113 \
      FL C:/Users/GabrielaD/Desktop/automatica/labCSO/lab3/as4/sum4.vhf \
      EN work/sum4 1520076112 CP sum1g CP GND
